---
source: rutor/src/main.rs
expression: info.files().len()
snapshot_kind: text
---
3
