---
source: rutor/src/main.rs
expression: file.path.display()
snapshot_kind: text
---
Big Buck Bunny.en.srt
